
> frontend@0.0.0 build
> run-p type-check "build-only {@}" --


> frontend@0.0.0 type-check
> vue-tsc --build


> frontend@0.0.0 build-only
> vite build

[36mvite v8.0.3 [32mbuilding client environment for production...[36m[39m
[2K
transforming...Γ£ô 1334 modules transformed.
rendering chunks...
computing gzip size...
dist/index.html                                          0.99 kB Γöé gzip:   0.44 kB
dist/assets/primeicons-C6QP2o4f.woff2                   35.14 kB
dist/assets/primeicons-MpK4pl85.ttf                     84.98 kB
dist/assets/primeicons-WjwUDZjB.woff                    85.05 kB
dist/assets/primeicons-DMOk5skT.eot                     85.15 kB
dist/assets/primeicons-Dr5RGzOO.svg                    342.52 kB Γöé gzip: 108.35 kB
dist/assets/Student-DWxLHZTu.css                         0.27 kB Γöé gzip:   0.22 kB
dist/assets/RequirementsView-CQUUYgZR.css                0.31 kB Γöé gzip:   0.17 kB
dist/assets/SkillSelectionView-CwJwhpM0.css              0.31 kB Γöé gzip:   0.17 kB
dist/assets/Show-BGF400mK.css                            0.33 kB Γöé gzip:   0.25 kB
dist/assets/ProctoringRequirementsView-CjJxoVVC.css      0.36 kB Γöé gzip:   0.18 kB
dist/assets/Proctoring-pd6BJUpK.css                      0.50 kB Γöé gzip:   0.28 kB
dist/assets/Certificates-C8Zj34gS.css                    0.68 kB Γöé gzip:   0.39 kB
dist/assets/Grading-R-qLIFXt.css                         0.68 kB Γöé gzip:   0.39 kB
dist/assets/InstructionsView-IKNicVXC.css                1.02 kB Γöé gzip:   0.31 kB
dist/assets/PublicCertificateVerify-DS0QTgEu.css         2.28 kB Γöé gzip:   0.80 kB
dist/assets/Show-DWNkVbvY.css                           11.62 kB Γöé gzip:   1.91 kB
dist/assets/quill-COIZCucs.css                          24.36 kB Γöé gzip:   3.70 kB
dist/assets/index-CKFNFaJt.css                         240.43 kB Γöé gzip:  35.21 kB
dist/assets/create-gDfOSXhI.js                           0.19 kB Γöé gzip:   0.17 kB
dist/assets/edit-CEKZd9c3.js                             0.30 kB Γöé gzip:   0.23 kB
dist/assets/logo-kO6aRMc9.js                             1.00 kB Γöé gzip:   0.41 kB
dist/assets/rolldown-runtime-B1FJdls4.js                 1.07 kB Γöé gzip:   0.61 kB
dist/assets/Templates-DGWghfaT.js                        3.85 kB Γöé gzip:   1.74 kB
dist/assets/PublicCertificateVerify-ChsBh_JE.js          5.06 kB Γöé gzip:   2.11 kB
dist/assets/RequirementsView-DTbpukxZ.js                 7.03 kB Γöé gzip:   2.77 kB
dist/assets/Certificates-CnlzJ5dt.js                     8.43 kB Γöé gzip:   3.39 kB
dist/assets/Grading-DRyItrlZ.js                         10.33 kB Γöé gzip:   3.61 kB
dist/assets/SkillSelectionView-B-KkRFxg.js              10.88 kB Γöé gzip:   3.77 kB
dist/assets/InstructionsView-Q323tIee.js                12.37 kB Γöé gzip:   4.14 kB
dist/assets/TemplateEditorPage-BvMqq0ih.js              16.44 kB Γöé gzip:   5.08 kB
dist/assets/Show-D6KNsxy-.js                            18.91 kB Γöé gzip:   6.06 kB
dist/assets/Proctoring-1qfKpeuQ.js                      19.69 kB Γöé gzip:   5.99 kB
dist/assets/Student-SLZSIUNT.js                         19.80 kB Γöé gzip:   6.21 kB
dist/assets/Show-PO2v3_yN.js                            20.55 kB Γöé gzip:   6.82 kB
dist/assets/vendor-BxRERAL6.js                          24.99 kB Γöé gzip:   9.64 kB
dist/assets/ProctoringRequirementsView-DndcoSQm.js      42.96 kB Γöé gzip:  10.65 kB
dist/assets/_plugin-vue_export-helper-CIaM5MjH.js       42.99 kB Γöé gzip:  16.60 kB
dist/assets/quill-B5LoCa5g.js                          200.25 kB Γöé gzip:  58.77 kB
dist/assets/primevue-CqtHCKQR.js                     1,007.46 kB Γöé gzip: 217.72 kB
dist/assets/index-DjGb3hou.js                        2,290.72 kB Γöé gzip: 565.60 kB

[32mΓ£ô built in 2.91s[39m
node.exe : [33m[plugin builtin:vite-reporter] 
At line:1 char:1
+ & "C:\Program Files\nodejs/node.exe" "C:\Users\emadr\AppData\Roaming\ ...
+ ~~~~~~~~~~~~~~~~~~~~~~~~~~~~~~~~~~~~~~~~~~~~~~~~~~~~~~~~~~~~~~~~~~~~~
    + CategoryInfo          : NotSpecified: ([33m[plugin builtin:vite-reporte 
   r] :String) [], RemoteException
    + FullyQualifiedErrorId : NativeCommandError
 
(!) Some chunks are larger than 1500 kB after minification. Consider:
- Using dynamic import() to code-split the application
- Use build.rolldownOptions.output.codeSplitting to improve chunking: 
https://rolldown.rs/reference/OutputOptions.codeSplitting
- Adjust chunk size limit for this warning via 
build.chunkSizeWarningLimit.[39m
